
> tp-tutor@0.1.0 build
> tsc && vite build

vite v6.4.2 building for production...
transforming...
✓ 2582 modules transformed.
rendering chunks...
computing gzip size...
dist/index.html                     0.46 kB │ gzip:   0.30 kB
dist/assets/index-C2uYVqS5.css     33.97 kB │ gzip:   7.25 kB
dist/assets/index-CshDJHt4.js   1,388.85 kB │ gzip: 386.03 kB

(!) Some chunks are larger than 500 kB after minification. Consider:
- Using dynamic import() to code-split the application
- Use build.rollupOptions.output.manualChunks to improve chunking: https://rollupjs.org/configuration-options/#output-manualchunks
- Adjust chunk size limit for this warning via build.chunkSizeWarningLimit.
✓ built in 1m 47s
